%!Adobe-FontList 1.24
%Locale:0x409

%BeginFont
Handler:DirectoryHandler
FontType:Invalid
OutlineFileName:/Users/alexabonomo/Desktop/test-zine folder/Document fonts/AdobeFnt24.lst
FileLength:1126
FileModTime:753650437
%EndFont

%BeginFont
Handler:DirectoryHandler
FontType:TrueType
FontName:AndaleMono
FamilyName:Andale Mono
StyleName:Regular
MenuName:Andale Mono
StyleBits:0
WeightClass:400
WidthClass:5
AngleClass:0
FullName:Andale Mono
WritingScript:Roman
OutlineFileName:/Users/alexabonomo/Desktop/test-zine folder/Document fonts/Andale Mono.ttf
DataFormat:sfntData
hasSVG:no
hasSBIX:no
hasCOLR:no
VariableFontType:NonVariableFont
FileLength:109700
FileModTime:751276160
NameArray:0,Mac,4,Andale Mono
NameArray:0,Win,1,Andale Mono
%EndFont

%BeginFont
Handler:DirectoryHandler
FontType:Type1
FontName:MinionPro-Regular
FamilyName:Minion Pro
StyleName:Regular
MenuName:Minion Pro
StyleBits:0
WeightClass:400
WidthClass:5
AngleClass:0
FullName:Minion Pro
WritingScript:Roman
OutlineFileName:/Users/alexabonomo/Desktop/test-zine folder/Document fonts/MinionPro-Regular.otf
DataFormat:sfntData
UsesStandardEncoding:yes
isCFF:yes
hasSVG:no
hasSBIX:no
hasCOLR:no
VariableFontType:NonVariableFont
FileLength:218640
FileModTime:751218127
DesignSize:110
NameArray:0,Mac,4,Minion Pro
NameArray:0,Win,1,Minion Pro
%EndFont

